[backblue.gif]
[fade.gif]
[index.html]
[mycmsloans.com/feed/index.html]
[mycmsloans.com/wp-includes/js/jquery/jquery4a5f.js]
[mycmsloans.com/comments/feed/index.html]
[mycmsloans.com/wp-json/wp/v2/pages/3707.json]
[mycmsloans.com/welcome/feed/index.html]
[mycmsloans.com/xmlrpc0db0.php]
[mycmsloans.com/wp-includes/wlwmanifest.xml]
[mycmsloans.com/wp-json/index.html]
[mycmsloans.com/wp-json/oembed/1.0/embed10d1.json]
[mycmsloans.com/wp-json/oembed/1.0/embedd40f]
[mycmsloans.com/wp-content/uploads/2014/01/cms.png]
[mycmsloans.com/wp-content/themes/enfold/config-templatebuilder/avia-template-builder/assets/fonts/entypo-fontello.eot]
[mycmsloans.com/wp-content/themes/enfold/config-templatebuilder/avia-template-builder/assets/fonts/entypo-fontellod41d.eot]
[mycmsloans.com/wp-content/themes/enfold/config-templatebuilder/avia-template-builder/assets/fonts/entypo-fontello.woff]
[mycmsloans.com/wp-content/themes/enfold/config-templatebuilder/avia-template-builder/assets/fonts/entypo-fontello.ttf]
[mycmsloans.com/wp-content/uploads/2014/06/CMS.LOGO-dev-300x202-1-300x202.png]
[mycmsloans.com/wp-content/uploads/layerslider/Home-2/shutterstock_12022135-spa-adjusted2.jpg]
[mycmsloans.com/wp-content/uploads/layerslider/Home-2/cms.home2_.jpg]
[mycmsloans.com/wp-content/uploads/2016/10/ehopur-80x80.png]
[mycmsloans.com/wp-content/plugins/cc-mortgage-calculator/cc-mortgage5152.js]
[mycmsloans.com/wp-includes/js/wp-embed.min24b2.js]
[mycmsloans.com/wp-content/themes/enfold/config-layerslider/LayerSlider/static/layerslider/js/greensockb3a6.js]
[mycmsloans.com/wp-content/themes/enfold/config-layerslider/LayerSlider/static/layerslider/js/layerslider.kreaturamedia.jquery2cfc.js]
[mycmsloans.com/wp-content/themes/enfold/config-layerslider/LayerSlider/static/layerslider/js/layerslider.transitions2cfc.js]
[mycmsloans.com/wp-content/uploads/dynamic_avia/avia-footer-scripts-b2e18ac7043e42e21509b49ee8947ced.js]
[www.google-analytics.com/analytics.js]
[mycmsloans.com/index.html]
[mycmsloans.com/wp-includes/css/dist/block-library/style.min24b2.css]
[mycmsloans.com/wp-content/plugins/cc-mortgage-calculator/cc-mortgage5152.css]
[mycmsloans.com/wp-content/themes/enfold/images/layout/loading.gif]
[mycmsloans.com/wp-content/uploads/dynamic_avia/avia-merged-styles-3ed5dd4599b5a07d634fe9adafe72044.css]
[mycmsloans.com/xmlrpc.php]
[mycmsloans.com/wp-content/themes/enfold/config-templatebuilder/avia-template-builder/assets/fonts/entypo-fontello.svg]
[mycmsloans.com/wp-json/wp/v2/pages/3709.json]
[mycmsloans.com/learn/loans/feed/index.html]
[mycmsloans.com/wp-json/oembed/1.0/embedb89a.json]
[mycmsloans.com/wp-json/oembed/1.0/embed37b9]
[mycmsloans.com/wp-content/uploads/2014/06/inside.image_.1-1030x202.jpg]
[mycmsloans.com/learn/loans/index.html]
[mycmsloans.com/wp-json/wp/v2/pages/16.json]
[mycmsloans.com/wp-json/oembed/1.0/embedfd33.json]
[mycmsloans.com/wp-json/oembed/1.0/embedda8e]
[mycmsloans.com/learn/loans/conventional/index.html]
[mycmsloans.com/wp-json/wp/v2/pages/21.json]
[mycmsloans.com/wp-json/oembed/1.0/embedd5f6.json]
[mycmsloans.com/wp-json/oembed/1.0/embed628f]
[mycmsloans.com/learn/loans/reverse-mortgages/index.html]
[mycmsloans.com/wp-json/wp/v2/pages/18.json]
[mycmsloans.com/wp-json/oembed/1.0/embed7430.json]
[mycmsloans.com/wp-json/oembed/1.0/embedef92]
[mycmsloans.com/learn/loans/va-loans/index.html]
[mycmsloans.com/wp-json/wp/v2/pages/17.json]
[mycmsloans.com/wp-json/oembed/1.0/embedb633.json]
[mycmsloans.com/wp-json/oembed/1.0/embed2081]
[mycmsloans.com/learn/loans/fha-loans/index.html]
[mycmsloans.com/wp-json/wp/v2/pages/19.json]
[mycmsloans.com/wp-json/oembed/1.0/embed8389.json]
[mycmsloans.com/wp-json/oembed/1.0/embed76d5]
[mycmsloans.com/learn/loans/jumbo-mortgage/index.html]
[mycmsloans.com/wp-json/wp/v2/pages/20.json]
[mycmsloans.com/wp-json/oembed/1.0/embedd758.json]
[mycmsloans.com/wp-json/oembed/1.0/embed7249]
[mycmsloans.com/learn/loans/commercial-loans/index.html]
[mycmsloans.com/wp-json/wp/v2/pages/3708.json]
[mycmsloans.com/learn/feed/index.html]
[mycmsloans.com/wp-json/oembed/1.0/embed702d.json]
[mycmsloans.com/wp-json/oembed/1.0/embed4647]
[mycmsloans.com/learn/index.html]
[mycmsloans.com/wp-json/wp/v2/pages/3710.json]
[mycmsloans.com/learn/qualifying/feed/index.html]
[mycmsloans.com/wp-json/oembed/1.0/embed42e8.json]
[mycmsloans.com/wp-json/oembed/1.0/embed3ee7]
[mycmsloans.com/learn/qualifying/index.html]
[mycmsloans.com/wp-json/wp/v2/pages/3711.json]
[mycmsloans.com/learn/faq/feed/index.html]
[mycmsloans.com/wp-json/oembed/1.0/embed19f6.json]
[mycmsloans.com/wp-json/oembed/1.0/embedc306]
[mycmsloans.com/learn/faq/index.html]
[mycmsloans.com/wp-json/wp/v2/pages/3712.json]
[mycmsloans.com/learn/mortgage-glossary/feed/index.html]
[mycmsloans.com/wp-json/oembed/1.0/embede7b1.json]
[mycmsloans.com/wp-json/oembed/1.0/embed51ce]
[mycmsloans.com/learn/mortgage-glossary/index.html]
[mycmsloans.com/wp-json/wp/v2/pages/23.json]
[mycmsloans.com/tools/feed/index.html]
[mycmsloans.com/wp-json/oembed/1.0/embedd552.json]
[mycmsloans.com/wp-json/oembed/1.0/embed8b37]
[mycmsloans.com/wp-content/uploads/2014/11/uniform.residentialloan.app_.pdf]
[mycmsloans.com/tools/index.html]
[mycmsloans.com/wp-json/wp/v2/pages/56.json]
[mycmsloans.com/tools/calculator/feed/index.html]
[mycmsloans.com/wp-json/oembed/1.0/embed83d0.json]
[mycmsloans.com/wp-json/oembed/1.0/embed3549]
[mycmsloans.com/tools/calculator/index.html]
[mycmsloans.com/wp-json/wp/v2/pages/57.json]
[mycmsloans.com/tools/condo-eligibility/feed/index.html]
[mycmsloans.com/wp-json/oembed/1.0/embed69aa.json]
[mycmsloans.com/wp-json/oembed/1.0/embed425e]
[mycmsloans.com/tools/condo-eligibility/index.html]
[mycmsloans.com/wp-json/wp/v2/pages/3326.json]
[mycmsloans.com/lendordocuments/feed/index.html]
[mycmsloans.com/wp-json/oembed/1.0/embed05ac.json]
[mycmsloans.com/wp-json/oembed/1.0/embed26c1]
[mycmsloans.com/lendordocuments/index.html]
[mycmsloans.com/wp-json/wp/v2/pages/24.json]
[mycmsloans.com/about/feed/index.html]
[mycmsloans.com/wp-json/oembed/1.0/embed383c.json]
[mycmsloans.com/wp-json/oembed/1.0/embedb270]
[mycmsloans.com/wp-content/uploads/2014/06/staff.1600px.jpg]
[mycmsloans.com/about/index.html]
[mycmsloans.com/wp-json/wp/v2/pages/25.json]
[mycmsloans.com/wp-json/oembed/1.0/embed160f.json]
[mycmsloans.com/wp-json/oembed/1.0/embed10e8]
[mycmsloans.com/wp-content/uploads/2018/04/marty75x100.jpg]
[mycmsloans.com/wp-content/uploads/2018/06/JerryA-1.png]
[mycmsloans.com/wp-content/uploads/2018/04/Kunal75x100-1.jpg]
[mycmsloans.com/wp-content/uploads/2014/06/DeWinter.Dianne75x100.jpg]
[mycmsloans.com/wp-content/uploads/2014/06/Eller.Jordan75x100.jpg]
[mycmsloans.com/wp-content/uploads/2014/06/Doud.Ginger75x100-1.jpg]
[mycmsloans.com/wp-content/uploads/2020/01/dee75x100.jpg]
[mycmsloans.com/wp-content/uploads/2020/07/dg.png]
[mycmsloans.com/wp-content/uploads/2016/08/juan75x100.jpg]
[mycmsloans.com/wp-content/uploads/2014/06/Napolitano.Louis75x100-1.jpg]
[mycmsloans.com/wp-content/uploads/2014/06/Romero.James75x100.jpg]
[mycmsloans.com/wp-content/uploads/2014/06/Sorisio.Vince75x100.jpg]
[mycmsloans.com/wp-content/uploads/2019/08/JM75x100.jpg]
[mycmsloans.com/wp-content/uploads/2014/06/Dritz.Chris75x1001.jpg]
[mycmsloans.com/wp-content/uploads/2014/06/Glick.Michael75x100.jpg]
[mycmsloans.com/wp-content/uploads/2014/06/Green.Andy75x100.jpg]
[mycmsloans.com/wp-content/uploads/2020/02/RayS.png]
[mycmsloans.com/wp-content/uploads/2014/06/Wolchover.Craig75x100-1.jpg]
[mycmsloans.com/wp-content/uploads/2021/01/Michael-Long-photo-1.jpg]
[mycmsloans.com/about/loan-officers/index.html]
[mycmsloans.com/wp-json/wp/v2/pages/26.json]
[mycmsloans.com/wp-json/oembed/1.0/embed198c.json]
[mycmsloans.com/wp-json/oembed/1.0/embed80e6]
[mycmsloans.com/wp-content/uploads/2014/06/Andrade.Patty75x100-1.jpg]
[mycmsloans.com/wp-content/uploads/2014/06/Hensley.Maureen75x100-1.jpg]
[mycmsloans.com/wp-content/uploads/2014/06/Martinez.Sylvia75x100.jpg]
[mycmsloans.com/wp-content/uploads/2018/04/liz75x100-1.jpg]
[mycmsloans.com/wp-content/uploads/2014/06/Sisserson.Shandi.jpg]
[mycmsloans.com/wp-content/uploads/2014/06/CMS.LOGO_1.png]
[mycmsloans.com/wp-content/uploads/2014/06/Ruiz.Sonia75x100-1.jpg]
[mycmsloans.com/wp-content/uploads/2014/06/Smith.Jenna75x100.jpg]
[mycmsloans.com/wp-content/uploads/2014/06/Ayerle.Summer75x100-1.jpg]
[mycmsloans.com/wp-content/uploads/2015/12/brooks-1.png]
[mycmsloans.com/wp-content/uploads/2014/06/Miller.Audrey75x100.jpg]
[mycmsloans.com/wp-content/uploads/2014/06/Navarro.Norma75x100-1.jpg]
[mycmsloans.com/about/loan-processors/index.html]
[mycmsloans.com/wp-json/wp/v2/pages/27.json]
[mycmsloans.com/wp-json/oembed/1.0/embedbce0.json]
[mycmsloans.com/wp-json/oembed/1.0/embed8769]
[mycmsloans.com/wp-content/uploads/2014/06/Candace.Chenoweth-1-1.jpg]
[mycmsloans.com/wp-content/uploads/2018/04/Sarah75x100-1.jpg]
[mycmsloans.com/about/administration/index.html]
[mycmsloans.com/wp-json/wp/v2/pages/28.json]
[mycmsloans.com/contact/feed/index.html]
[mycmsloans.com/wp-json/oembed/1.0/embed1dfd.json]
[mycmsloans.com/wp-json/oembed/1.0/embed19c8]
[mycmsloans.com/contact/index.html]
[mycmsloans.com/wp-content/themes/enfold/framework/js/conditional_load/avia_google_maps_api.js]
[mycmsloans.com/wp-json/wp/v2/pages/4444.json]
[mycmsloans.com/wp-json/oembed/1.0/embede206.json]
[mycmsloans.com/wp-json/oembed/1.0/embed74ec]
[mycmsloans.com/wp-content/uploads/2014/09/homeslider-pier-small4.jpg]
[mycmsloans.com/wp-content/uploads/2019/10/linkedin.png]
[mycmsloans.com/wp-content/uploads/2019/10/IG.png]
[mycmsloans.com/wp-content/uploads/2019/10/fb.png]
[mycmsloans.com/wp-content/uploads/2019/07/now-hiring-300x236.jpg]
[mycmsloans.com/join-our-team/index.html]
[mycmsloans.com/tools/loan-app-checklist/feed/index.html]
[mycmsloans.com/wp-content/plugins/gravityforms/js/jquery.maskedinput.mind935.js]
[mycmsloans.com/wp-json/wp/v2/pages/58.json]
[mycmsloans.com/wp-json/oembed/1.0/embedd1ab.json]
[mycmsloans.com/wp-json/oembed/1.0/embed19f9]
[mycmsloans.com/tools/loan-app-checklist/index.html]
[mycmsloans.com/wp-content/plugins/gravityforms/js/jquery.json.mind935.js]
[mycmsloans.com/wp-content/plugins/gravityforms/js/gravityforms.mind935.js]
[mycmsloans.com/tools/apply-now/feed/index.html]
[mycmsloans.com/wp-json/wp/v2/pages/55.json]
[mycmsloans.com/wp-json/oembed/1.0/embed8adb.json]
[mycmsloans.com/wp-json/oembed/1.0/embed80d2]
[mycmsloans.com/wp-includes/js/jquery/ui/core.mine899.js]
[mycmsloans.com/wp-includes/js/jquery/ui/datepicker.mine899.js]
[mycmsloans.com/wp-content/plugins/gravityforms/js/datepicker.mind935.js]
[mycmsloans.com/tools/apply-now/index.html]
[mycmsloans.com/wp-content/themes/enfold/framework/index.html]
[mycmsloans.com/wp-content/themes/enfold/index.html]
[mycmsloans.com/index0ffa.html]
[mycmsloans.com/wp-json/wp/v2/pages/107.json]
[mycmsloans.com/learn/loans/reverse-mortgages/hecm-reverse-mortgage-for-purchase/feed/index.html]
[mycmsloans.com/wp-json/oembed/1.0/embed4cd6.json]
[mycmsloans.com/wp-json/oembed/1.0/embed3cbf]
[mycmsloans.com/learn/loans/reverse-mortgages/hecm-reverse-mortgage-for-purchase/index.html]
[mycmsloans.com/wp-json/wp/v2/pages/111.json]
[mycmsloans.com/learn/loans/reverse-mortgages/reverse-mortgage-faq/feed/index.html]
[mycmsloans.com/wp-json/oembed/1.0/embed93fa.json]
[mycmsloans.com/wp-json/oembed/1.0/embedfa79]
[mycmsloans.com/learn/loans/reverse-mortgages/reverse-mortgage-faq/index.html]
[mycmsloans.com/wp-json/wp/v2/pages/110.json]
[mycmsloans.com/learn/loans/reverse-mortgages/reverse-mortgage-myths/feed/index.html]
[mycmsloans.com/wp-json/oembed/1.0/embed5549.json]
[mycmsloans.com/wp-json/oembed/1.0/embed2dc5]
[mycmsloans.com/learn/loans/reverse-mortgages/reverse-mortgage-myths/index.html]
[mycmsloans.com/wp-json/wp/v2/pages/108.json]
[mycmsloans.com/learn/loans/reverse-mortgages/social-security-medicare-and-medicaid/feed/index.html]
[mycmsloans.com/wp-json/oembed/1.0/embeda88a.json]
[mycmsloans.com/wp-json/oembed/1.0/embed2a8d]
[mycmsloans.com/learn/loans/reverse-mortgages/social-security-medicare-and-medicaid/index.html]
[mycmsloans.com/index0e62.html]
[mycmsloans.com/index3965.html]
[mycmsloans.com/index0735.html]
[mycmsloans.com/indexd8eb.html]
[mycmsloans.com/index5831.html]
[mycmsloans.com/index341b.html]
[mycmsloans.com/indexfc99.html]
[mycmsloans.com/index3fae.html]
[mycmsloans.com/indexe454.html]
[mycmsloans.com/index256a.html]
[mycmsloans.com/index40a0.html]
[mycmsloans.com/index2dc8.html]
[mycmsloans.com/index9787.html]
[mycmsloans.com/indexc1af.html]
[mycmsloans.com/index2cf9.html]
[mycmsloans.com/index970c.html]
[mycmsloans.com/index88b9.html]
[mycmsloans.com/index1c4a.html]
[mycmsloans.com/index3c55.html]
[mycmsloans.com/index7618.html]
[mycmsloans.com/wp-content/plugins/gravityforms/css/formreset.mind935.css]
[mycmsloans.com/wp-content/plugins/gravityforms/css/chosen-sprite.png]
[mycmsloans.com/wp-content/plugins/gravityforms/css/chosen-sprite@2x.png]
[mycmsloans.com/wp-content/plugins/gravityforms/css/formsmain.mind935.css]
[mycmsloans.com/wp-content/plugins/gravityforms/css/readyclass.mind935.css]
[mycmsloans.com/wp-content/plugins/gravityforms/css/browsers.mind935.css]
[mycmsloans.com/indexe9b4.html]
[mycmsloans.com/wp-content/plugins/gravityforms/images/datepicker/arrow.png]
[mycmsloans.com/wp-content/plugins/gravityforms/css/datepicker.mind935.css]
[mycmsloans.com/index8054.html]
[mycmsloans.com/wp-content/themes/enfold/framework/indexc052.html]
[mycmsloans.com/wp-content/themes/enfold/framework/indexf8a0.html]
[mycmsloans.com/wp-content/themes/enfold/framework/indexbfec.html]
[mycmsloans.com/wp-content/themes/enfold/framework/index30b5.html]
[mycmsloans.com/wp-content/themes/enfold/framework/css/index.html]
[mycmsloans.com/wp-content/themes/enfold/framework/images/index.html]
[mycmsloans.com/wp-content/themes/enfold/framework/js/avia_advanced_form_elements.js]
[mycmsloans.com/wp-content/themes/enfold/framework/js/avia_colorpicker.js]
[mycmsloans.com/wp-content/themes/enfold/framework/js/avia_dynamic_templates.js]
[mycmsloans.com/wp-content/themes/enfold/framework/js/avia_edit_dynamic_templtes.js]
[mycmsloans.com/wp-content/themes/enfold/framework/js/avia_media.js]
[mycmsloans.com/wp-content/themes/enfold/framework/js/avia_media_advanced.js]
[mycmsloans.com/wp-content/themes/enfold/framework/js/avia_media_wp35.js]
[mycmsloans.com/wp-content/themes/enfold/framework/js/avia_mega_menu.js]
[mycmsloans.com/wp-content/themes/enfold/framework/js/avia_option_pages.js]
[mycmsloans.com/wp-content/themes/enfold/framework/js/avia_recaptcha.js]
[mycmsloans.com/wp-content/themes/enfold/framework/js/avia_sidebar.js]
[mycmsloans.com/wp-content/themes/enfold/framework/js/index.html]
[mycmsloans.com/wp-content/themes/enfold/framework/php/index.html]
[mycmsloans.com/index5a24.html]
[mycmsloans.com/indexbbbb.html]
[mycmsloans.com/index5f87.html]
[mycmsloans.com/index460d.html]
[mycmsloans.com/wp-content/plugins/gravityforms/images/gf-creditcard-icons.svg]
[mycmsloans.com/wp-content/themes/enfold/framework/indexb70a.html]
[mycmsloans.com/wp-content/themes/enfold/framework/index72c9.html]
[mycmsloans.com/wp-content/themes/enfold/framework/index5851.html]
[mycmsloans.com/wp-content/themes/enfold/framework/indexad3f.html]
[mycmsloans.com/wp-content/themes/enfold/framework/css/indexc052.html]
[mycmsloans.com/wp-content/themes/enfold/framework/css/indexf8a0.html]
[mycmsloans.com/wp-content/themes/enfold/framework/css/indexbfec.html]
[mycmsloans.com/wp-content/themes/enfold/framework/css/index30b5.html]
[mycmsloans.com/wp-content/themes/enfold/framework/images/layout/bg-bottom-shadow.png]
[mycmsloans.com/wp-content/themes/enfold/framework/images/icons/close.png]
[mycmsloans.com/wp-content/themes/enfold/framework/images/icons/add.png]
[mycmsloans.com/wp-content/themes/enfold/framework/images/icons/loading.gif]
[mycmsloans.com/wp-content/themes/enfold/framework/images/icons/loading_mini.gif]
[mycmsloans.com/wp-content/themes/enfold/framework/images/icons/success.png]
[mycmsloans.com/wp-content/themes/enfold/framework/images/icons/alert.png]
[mycmsloans.com/wp-content/themes/enfold/framework/images/layout/bg-button.png]
[mycmsloans.com/wp-content/themes/enfold/framework/images/layout/bg-style-wrap.png]
[mycmsloans.com/wp-content/themes/enfold/framework/images/layout/select.png]
[mycmsloans.com/wp-content/themes/enfold/framework/images/layout/bg.png]
[mycmsloans.com/wp-content/themes/enfold/framework/images/icons/bin_closed.png]
[mycmsloans.com/wp-content/themes/enfold/framework/images/layout/sort_arrow_down.png]
[mycmsloans.com/wp-content/themes/enfold/framework/php/avia_shortcodes/tinymce/img/icon.png]
[mycmsloans.com/wp-content/themes/enfold/framework/css/avia_admin.css]
[mycmsloans.com/wp-content/themes/enfold/framework/images/colorpicker/colorpicker_background.png]
[mycmsloans.com/wp-content/themes/enfold/framework/images/colorpicker/colorpicker_overlay.png]
[mycmsloans.com/wp-content/themes/enfold/framework/images/colorpicker/colorpicker_select.gif]
[mycmsloans.com/wp-content/themes/enfold/framework/images/colorpicker/colorpicker_indic.gif]
[mycmsloans.com/wp-content/themes/enfold/framework/images/colorpicker/colorpicker_hex.png]
[mycmsloans.com/wp-content/themes/enfold/framework/images/colorpicker/colorpicker_rgb_r.png]
[mycmsloans.com/wp-content/themes/enfold/framework/images/colorpicker/colorpicker_rgb_g.png]
[mycmsloans.com/wp-content/themes/enfold/framework/images/colorpicker/colorpicker_rgb_b.png]
[mycmsloans.com/wp-content/themes/enfold/framework/images/colorpicker/colorpicker_hsb_h.png]
[mycmsloans.com/wp-content/themes/enfold/framework/images/colorpicker/colorpicker_hsb_s.png]
[mycmsloans.com/wp-content/themes/enfold/framework/images/colorpicker/colorpicker_hsb_b.png]
[mycmsloans.com/wp-content/themes/enfold/framework/images/colorpicker/colorpicker_submit.png]
[mycmsloans.com/wp-content/themes/enfold/framework/images/colorpicker/select2.png]
[mycmsloans.com/wp-content/themes/enfold/framework/css/avia_colorpicker.css]
[mycmsloans.com/wp-content/themes/enfold/framework/css/avia_recaptcha.css]
[mycmsloans.com/wp-content/themes/enfold/framework/images/icons/icon-trash.png]
[mycmsloans.com/wp-content/themes/enfold/framework/css/avia_sidebar.css]
[mycmsloans.com/wp-content/themes/enfold/framework/css/conditional_load/index.html]
[mycmsloans.com/wp-content/themes/enfold/framework/images/indexc052.html]
[mycmsloans.com/wp-content/themes/enfold/framework/images/indexf8a0.html]
[mycmsloans.com/wp-content/themes/enfold/framework/images/indexbfec.html]
[mycmsloans.com/wp-content/themes/enfold/framework/images/index30b5.html]
[mycmsloans.com/wp-content/themes/enfold/framework/images/colorpicker/blank.gif]
[mycmsloans.com/wp-content/themes/enfold/framework/images/colorpicker/custom_background.png]
[mycmsloans.com/wp-content/themes/enfold/framework/images/colorpicker/custom_hex.png]
[mycmsloans.com/wp-content/themes/enfold/framework/images/colorpicker/custom_hsb_b.png]
[mycmsloans.com/wp-content/themes/enfold/framework/images/colorpicker/custom_hsb_h.png]
[mycmsloans.com/wp-content/themes/enfold/framework/images/colorpicker/custom_hsb_s.png]
[mycmsloans.com/wp-content/themes/enfold/framework/images/colorpicker/custom_indic.gif]
[mycmsloans.com/wp-content/themes/enfold/framework/images/colorpicker/custom_rgb_b.png]
[mycmsloans.com/wp-content/themes/enfold/framework/images/colorpicker/custom_rgb_g.png]
[mycmsloans.com/wp-content/themes/enfold/framework/images/colorpicker/custom_rgb_r.png]
[mycmsloans.com/wp-content/themes/enfold/framework/images/colorpicker/custom_submit.png]
[mycmsloans.com/wp-content/themes/enfold/framework/images/colorpicker/select.png]
[mycmsloans.com/wp-content/themes/enfold/framework/images/colorpicker/slider.png]
[mycmsloans.com/wp-content/themes/enfold/framework/images/colorpicker/index.html]
[mycmsloans.com/wp-content/themes/enfold/framework/images/icons/accept.png]
[mycmsloans.com/wp-content/themes/enfold/framework/images/icons/application_side_expand.png]
[mycmsloans.com/wp-content/themes/enfold/framework/images/icons/blog.png]
[mycmsloans.com/wp-content/themes/enfold/framework/images/icons/blueprint_horizontal.png]
[mycmsloans.com/wp-content/themes/enfold/framework/images/icons/book_addresses.png]
[mycmsloans.com/wp-content/themes/enfold/framework/images/icons/brick.png]
[mycmsloans.com/wp-content/themes/enfold/framework/images/icons/cart.png]
[mycmsloans.com/wp-content/themes/enfold/framework/images/icons/cog.png]
[mycmsloans.com/wp-content/themes/enfold/framework/images/icons/doc_text_image.png]
[mycmsloans.com/wp-content/themes/enfold/framework/images/icons/error.png]
[mycmsloans.com/wp-content/themes/enfold/framework/images/icons/hammer_screwdriver.png]
[mycmsloans.com/wp-content/themes/enfold/framework/images/icons/images.png]
[mycmsloans.com/wp-content/themes/enfold/framework/images/icons/import_export.png]
[mycmsloans.com/wp-content/themes/enfold/framework/images/icons/layout_header_footer_3_mix.png]
[mycmsloans.com/wp-content/themes/enfold/framework/images/icons/layout_select.png]
[mycmsloans.com/wp-content/themes/enfold/framework/images/icons/layout_select_footer.png]
[mycmsloans.com/wp-content/themes/enfold/framework/images/icons/layout_select_sidebar.png]
[mycmsloans.com/wp-content/themes/enfold/framework/images/icons/map.png]
[mycmsloans.com/wp-content/themes/enfold/framework/images/icons/page_white_wrench.png]
[mycmsloans.com/wp-content/themes/enfold/framework/images/icons/paintbrush.png]
[mycmsloans.com/wp-content/themes/enfold/framework/images/icons/paintcan.png]
[mycmsloans.com/wp-content/themes/enfold/framework/images/icons/palette.png]
[mycmsloans.com/wp-content/themes/enfold/framework/images/icons/photo_album.png]
[mycmsloans.com/wp-content/themes/enfold/framework/images/icons/readme.txt]
[mycmsloans.com/wp-content/themes/enfold/framework/images/icons/search.png]
[mycmsloans.com/wp-content/themes/enfold/framework/images/icons/social_facebook.png]
[mycmsloans.com/wp-content/themes/enfold/framework/images/icons/social_flickr.png]
[mycmsloans.com/wp-content/themes/enfold/framework/images/icons/social_twitter.png]
[mycmsloans.com/wp-content/themes/enfold/framework/images/icons/update.png]
[mycmsloans.com/wp-content/themes/enfold/framework/images/icons/user.png]
[mycmsloans.com/wp-content/themes/enfold/framework/images/icons/video.png]
[mycmsloans.com/wp-content/themes/enfold/framework/images/icons/video_insert_image.png]
[mycmsloans.com/wp-content/themes/enfold/framework/images/icons/wand.png]
[mycmsloans.com/wp-content/themes/enfold/framework/images/icons/index.html]
[mycmsloans.com/wp-content/themes/enfold/framework/images/layout/FIND_API.jpg]
[mycmsloans.com/wp-content/themes/enfold/framework/images/layout/arrow.png]
[mycmsloans.com/wp-content/themes/enfold/framework/images/layout/diagonal-bold-light.png]
[mycmsloans.com/wp-content/themes/enfold/framework/images/layout/gray-grad.png]
[mycmsloans.com/wp-content/themes/enfold/framework/images/layout/menu-bits.gif]
[mycmsloans.com/wp-content/themes/enfold/framework/images/layout/select_colorpicker.png]
[mycmsloans.com/wp-content/themes/enfold/framework/images/layout/index.html]
[mycmsloans.com/wp-content/themes/enfold/framework/images/layout/transparency.png]
[mycmsloans.com/wp-content/themes/enfold/framework/images/misc/grecaptcha-check-dark-compact.png]
[mycmsloans.com/wp-content/themes/enfold/framework/images/misc/grecaptcha-check-dark-normal.png]
[mycmsloans.com/wp-content/themes/enfold/framework/images/misc/grecaptcha-check-light-compact.png]
[mycmsloans.com/wp-content/themes/enfold/framework/images/misc/index.html]
[mycmsloans.com/wp-content/themes/enfold/framework/images/misc/grecaptcha-check-light-normal.png]
[mycmsloans.com/wp-content/themes/enfold/framework/js/indexc052.html]
[mycmsloans.com/wp-content/themes/enfold/framework/js/indexf8a0.html]
[mycmsloans.com/wp-content/themes/enfold/framework/js/indexbfec.html]
[mycmsloans.com/wp-content/themes/enfold/framework/js/index30b5.html]
[mycmsloans.com/wp-content/themes/enfold/framework/js/conditional_load/avia_conditional_mega_menu.js]
[mycmsloans.com/wp-content/themes/enfold/framework/js/conditional_load/avia_facebook_front.js]
[mycmsloans.com/wp-content/themes/enfold/framework/js/conditional_load/avia_google_maps_front.js]
[mycmsloans.com/wp-content/themes/enfold/framework/js/conditional_load/avia_google_maps_widget_admin.js]
[mycmsloans.com/wp-content/themes/enfold/framework/js/conditional_load/avia_google_recaptcha_api.js]
[mycmsloans.com/wp-content/themes/enfold/framework/js/conditional_load/avia_google_recaptcha_front.js]
[mycmsloans.com/wp-content/themes/enfold/framework/js/conditional_load/index.html]
[mycmsloans.com/wp-content/themes/enfold/framework/php/indexc052.html]
[mycmsloans.com/wp-content/themes/enfold/framework/php/indexf8a0.html]
[mycmsloans.com/wp-content/themes/enfold/framework/php/indexbfec.html]
[mycmsloans.com/wp-content/themes/enfold/framework/php/index30b5.html]
[mycmsloans.com/wp-content/themes/enfold/framework/php/auto-updates/index.html]
[mycmsloans.com/wp-content/themes/enfold/framework/php/avia_shortcodes/index.html]
[mycmsloans.com/wp-content/themes/enfold/framework/php/class-adminpages.html]
[mycmsloans.com/wp-content/themes/enfold/framework/php/class-breadcrumb.html]
[mycmsloans.com/wp-content/themes/enfold/framework/php/class-database-option-sets.html]
[mycmsloans.com/wp-content/themes/enfold/framework/php/class-form-generator.html]
[mycmsloans.com/wp-content/themes/enfold/framework/php/class-framework-widgets.html]
[mycmsloans.com/wp-content/themes/enfold/framework/php/class-gmaps.html]
[mycmsloans.com/wp-content/themes/enfold/framework/php/class-grecaptcha.html]
[mycmsloans.com/wp-content/themes/enfold/framework/php/class-htmlhelper.html]
[mycmsloans.com/wp-content/themes/enfold/framework/php/class-media.html]
[mycmsloans.com/wp-content/themes/enfold/framework/php/class-megamenu.html]
[mycmsloans.com/wp-content/themes/enfold/framework/php/class-metabox.html]
[mycmsloans.com/wp-content/themes/enfold/framework/php/class-queryfilter.html]
[mycmsloans.com/wp-content/themes/enfold/framework/php/class-sidebar-generator.html]
[mycmsloans.com/wp-content/themes/enfold/framework/php/class-style-generator.html]
[mycmsloans.com/wp-content/themes/enfold/framework/php/class-superobject.html]
[mycmsloans.com/wp-content/themes/enfold/framework/php/class-update-notifier.html]
[mycmsloans.com/wp-content/themes/enfold/framework/php/font-management/index.html]
[mycmsloans.com/wp-content/themes/enfold/framework/php/function-set-avia-ajax.html]
[mycmsloans.com/wp-content/themes/enfold/framework/php/function-set-avia-backend.html]
[mycmsloans.com/wp-content/themes/enfold/framework/php/function-set-avia-frontend.html]
[mycmsloans.com/wp-content/themes/enfold/framework/php/wordpress-importer/index.html]
[mycmsloans.com/wp-content/themes/enfold/framework/avia_framework.html]
[mycmsloans.com/wp-content/themes/enfold/framework/css/indexb70a.html]
[mycmsloans.com/wp-content/themes/enfold/framework/css/index72c9.html]
[mycmsloans.com/wp-content/themes/enfold/framework/css/index5851.html]
[mycmsloans.com/wp-content/themes/enfold/framework/css/indexad3f.html]
[mycmsloans.com/wp-content/themes/enfold/framework/css/conditional_load/indexc052.html]
[mycmsloans.com/wp-content/themes/enfold/framework/css/conditional_load/indexf8a0.html]
[mycmsloans.com/wp-content/themes/enfold/framework/css/conditional_load/indexbfec.html]
[mycmsloans.com/wp-content/themes/enfold/framework/css/conditional_load/index30b5.html]
[mycmsloans.com/wp-content/themes/enfold/framework/css/conditional_load/avia_admin_modern.css]
[mycmsloans.com/wp-content/themes/enfold/framework/css/conditional_load/avia_gallery_mode.css]
[mycmsloans.com/wp-content/themes/enfold/framework/css/conditional_load/avia_global_admin.css]
[mycmsloans.com/wp-content/themes/enfold/framework/images/indexb70a.html]
[mycmsloans.com/wp-content/themes/enfold/framework/images/index72c9.html]
[mycmsloans.com/wp-content/themes/enfold/framework/images/index5851.html]
[mycmsloans.com/wp-content/themes/enfold/framework/images/indexad3f.html]
[mycmsloans.com/wp-content/themes/enfold/framework/images/colorpicker/indexc052.html]
[mycmsloans.com/wp-content/themes/enfold/framework/images/colorpicker/indexf8a0.html]
[mycmsloans.com/wp-content/themes/enfold/framework/images/colorpicker/indexbfec.html]
[mycmsloans.com/wp-content/themes/enfold/framework/images/colorpicker/index30b5.html]
[mycmsloans.com/wp-content/themes/enfold/framework/images/icons/indexc052.html]
[mycmsloans.com/wp-content/themes/enfold/framework/images/icons/indexf8a0.html]
[mycmsloans.com/wp-content/themes/enfold/framework/images/icons/indexbfec.html]
[mycmsloans.com/wp-content/themes/enfold/framework/images/icons/index30b5.html]
[mycmsloans.com/wp-content/themes/enfold/framework/images/icons/new/arrow-repeat-two-7@3x.png]
[mycmsloans.com/wp-content/themes/enfold/framework/images/icons/new/circle-user-7@3x.png]
[mycmsloans.com/wp-content/themes/enfold/framework/images/icons/new/color-palette-7@3x.png]
[mycmsloans.com/wp-content/themes/enfold/framework/images/icons/new/connect-arrow-up-down-7@3x.png]
[mycmsloans.com/wp-content/themes/enfold/framework/images/icons/new/cookie-7@3x.png]
[mycmsloans.com/wp-content/themes/enfold/framework/images/icons/new/custom-menu@3x.png]
[mycmsloans.com/wp-content/themes/enfold/framework/images/icons/new/folder-download-7@3x.png]
[mycmsloans.com/wp-content/themes/enfold/framework/images/icons/new/layout-arrange-02-7@3x.png]
[mycmsloans.com/wp-content/themes/enfold/framework/images/icons/new/layout-arrange-13-7@3x.png]
[mycmsloans.com/wp-content/themes/enfold/framework/images/icons/new/layout-reverse@3x.png]
[mycmsloans.com/wp-content/themes/enfold/framework/images/icons/new/magic-wand-7@3x.png]
[mycmsloans.com/wp-content/themes/enfold/framework/images/icons/new/newspaper-7@3x.png]
[mycmsloans.com/wp-content/themes/enfold/framework/images/icons/new/note-write-7@3x.png]
[mycmsloans.com/wp-content/themes/enfold/framework/images/icons/new/paper-map-7@3x.png]
[mycmsloans.com/wp-content/themes/enfold/framework/images/icons/new/performance-7@3x.png]
[mycmsloans.com/wp-content/themes/enfold/framework/images/icons/new/shopping-cart-7@3x.png]
[mycmsloans.com/wp-content/themes/enfold/framework/images/icons/new/spanner-screwdriver-7@3x.png]
[mycmsloans.com/wp-content/themes/enfold/framework/images/icons/new/window-7@3x.png]
[mycmsloans.com/wp-content/themes/enfold/framework/images/icons/new/window-three-7@3x.png]
[mycmsloans.com/wp-content/themes/enfold/framework/images/icons/new/window-up-7@3x.png]
[mycmsloans.com/wp-content/themes/enfold/framework/images/icons/new/window-within-7@3x.png]
[mycmsloans.com/wp-content/themes/enfold/framework/images/icons/new/index.html]
[mycmsloans.com/wp-content/themes/enfold/framework/images/layout/indexc052.html]
[mycmsloans.com/wp-content/themes/enfold/framework/images/layout/indexf8a0.html]
[mycmsloans.com/wp-content/themes/enfold/framework/images/layout/indexbfec.html]
[mycmsloans.com/wp-content/themes/enfold/framework/images/layout/index30b5.html]
[mycmsloans.com/wp-content/themes/enfold/framework/images/misc/indexc052.html]
[mycmsloans.com/wp-content/themes/enfold/framework/images/misc/indexf8a0.html]
[mycmsloans.com/wp-content/themes/enfold/framework/images/misc/indexbfec.html]
[mycmsloans.com/wp-content/themes/enfold/framework/images/misc/index30b5.html]
[mycmsloans.com/wp-content/themes/enfold/framework/js/indexb70a.html]
[mycmsloans.com/wp-content/themes/enfold/framework/js/index72c9.html]
[mycmsloans.com/wp-content/themes/enfold/framework/js/index5851.html]
[mycmsloans.com/wp-content/themes/enfold/framework/js/indexad3f.html]
[mycmsloans.com/wp-content/themes/enfold/framework/js/conditional_load/indexc052.html]
[mycmsloans.com/wp-content/themes/enfold/framework/js/conditional_load/indexf8a0.html]
[mycmsloans.com/wp-content/themes/enfold/framework/js/conditional_load/indexbfec.html]
[mycmsloans.com/wp-content/themes/enfold/framework/js/conditional_load/index30b5.html]
[mycmsloans.com/wp-content/themes/enfold/framework/php/indexb70a.html]
[mycmsloans.com/wp-content/themes/enfold/framework/php/index72c9.html]
[mycmsloans.com/wp-content/themes/enfold/framework/php/index5851.html]
[mycmsloans.com/wp-content/themes/enfold/framework/php/indexad3f.html]
[mycmsloans.com/wp-content/themes/enfold/framework/php/auto-updates/indexc052.html]
[mycmsloans.com/wp-content/themes/enfold/framework/php/auto-updates/indexf8a0.html]
[mycmsloans.com/wp-content/themes/enfold/framework/php/auto-updates/indexbfec.html]
[mycmsloans.com/wp-content/themes/enfold/framework/php/auto-updates/index30b5.html]
[mycmsloans.com/wp-content/themes/enfold/framework/php/auto-updates/auto-updates.html]
[mycmsloans.com/wp-content/themes/enfold/framework/php/auto-updates/class-avia-envato-base-api.html]
[mycmsloans.com/wp-content/themes/enfold/framework/php/auto-updates/class-avia-theme-updater.html]
[mycmsloans.com/wp-content/themes/enfold/framework/php/auto-updates/class-envato-protected-api.html]
[mycmsloans.com/wp-content/themes/enfold/framework/php/auto-updates/class-pixelentity-theme-update.html]
[mycmsloans.com/wp-content/themes/enfold/framework/php/avia_shortcodes/indexc052.html]
[mycmsloans.com/wp-content/themes/enfold/framework/php/avia_shortcodes/indexf8a0.html]
[mycmsloans.com/wp-content/themes/enfold/framework/php/avia_shortcodes/indexbfec.html]
[mycmsloans.com/wp-content/themes/enfold/framework/php/avia_shortcodes/index30b5.html]
[mycmsloans.com/wp-content/themes/enfold/framework/php/avia_shortcodes/av-prev.html]
[mycmsloans.com/wp-content/themes/enfold/framework/php/avia_shortcodes/css/index.html]
[mycmsloans.com/wp-content/themes/enfold/framework/php/avia_shortcodes/img/checkmark.gif]
[mycmsloans.com/wp-content/themes/enfold/framework/php/avia_shortcodes/img/globe-preloader.gif]
[mycmsloans.com/wp-content/themes/enfold/framework/php/avia_shortcodes/img/preloader.gif]
[mycmsloans.com/wp-content/themes/enfold/framework/php/avia_shortcodes/img/x.gif]
[mycmsloans.com/wp-content/themes/enfold/framework/php/avia_shortcodes/img/index.html]
[mycmsloans.com/wp-content/themes/enfold/framework/php/avia_shortcodes/sc/big_box.js]
[mycmsloans.com/wp-content/themes/enfold/framework/php/avia_shortcodes/sc/box.js]
[mycmsloans.com/wp-content/themes/enfold/framework/php/avia_shortcodes/sc/button.js]
[mycmsloans.com/wp-content/themes/enfold/framework/php/avia_shortcodes/sc/column.js]
[mycmsloans.com/wp-content/themes/enfold/framework/php/avia_shortcodes/sc/digg.js]
[mycmsloans.com/wp-content/themes/enfold/framework/php/avia_shortcodes/sc/fblike.js]
[mycmsloans.com/wp-content/themes/enfold/framework/php/avia_shortcodes/sc/iconbox.js]
[mycmsloans.com/wp-content/themes/enfold/framework/php/avia_shortcodes/sc/iconbox_top.js]
[mycmsloans.com/wp-content/themes/enfold/framework/php/avia_shortcodes/sc/ilink.js]
[mycmsloans.com/wp-content/themes/enfold/framework/php/avia_shortcodes/sc/latest_portfolio.js]
[mycmsloans.com/wp-content/themes/enfold/framework/php/avia_shortcodes/sc/latest_posts.js]
[mycmsloans.com/wp-content/themes/enfold/framework/php/avia_shortcodes/sc/latest_tweets.js]
[mycmsloans.com/wp-content/themes/enfold/framework/php/avia_shortcodes/sc/quote.js]
[mycmsloans.com/wp-content/themes/enfold/framework/php/avia_shortcodes/sc/related.js]
[mycmsloans.com/wp-content/themes/enfold/framework/php/avia_shortcodes/sc/sidebar_tabs.js]
[mycmsloans.com/wp-content/themes/enfold/framework/php/avia_shortcodes/sc/slider.js]
[mycmsloans.com/wp-content/themes/enfold/framework/php/avia_shortcodes/sc/tab.js]
[mycmsloans.com/wp-content/themes/enfold/framework/php/avia_shortcodes/sc/table.js]
[mycmsloans.com/wp-content/themes/enfold/framework/php/avia_shortcodes/sc/toggle.js]
[mycmsloans.com/wp-content/themes/enfold/framework/php/avia_shortcodes/sc/tweetmeme.js]
[mycmsloans.com/wp-content/themes/enfold/framework/php/avia_shortcodes/sc/twitter.js]
[mycmsloans.com/wp-content/themes/enfold/framework/php/avia_shortcodes/sc/index.html]
[mycmsloans.com/wp-content/themes/enfold/framework/php/avia_shortcodes/shortcodes.html]
[mycmsloans.com/wp-content/themes/enfold/framework/php/avia_shortcodes/tinymce/editor_plugin.js]
[mycmsloans.com/wp-content/themes/enfold/framework/php/avia_shortcodes/tinymce/editor_plugin_3.js]
[mycmsloans.com/wp-content/themes/enfold/framework/php/avia_shortcodes/tinymce/index.html]
[mycmsloans.com/wp-content/themes/enfold/framework/php/font-management/indexc052.html]
[mycmsloans.com/wp-content/themes/enfold/framework/php/font-management/indexf8a0.html]
[mycmsloans.com/wp-content/themes/enfold/framework/php/font-management/indexbfec.html]
[mycmsloans.com/wp-content/themes/enfold/framework/php/font-management/index30b5.html]
[mycmsloans.com/wp-content/themes/enfold/framework/php/font-management/class-avia-font-management-base.html]
[mycmsloans.com/wp-content/themes/enfold/framework/php/font-management/class-avia-icon-fonts.html]
[mycmsloans.com/wp-content/themes/enfold/framework/php/font-management/class-avia-type-fonts.html]
[mycmsloans.com/wp-content/themes/enfold/framework/php/wordpress-importer/indexc052.html]
[mycmsloans.com/wp-content/themes/enfold/framework/php/wordpress-importer/indexf8a0.html]
[mycmsloans.com/wp-content/themes/enfold/framework/php/wordpress-importer/indexbfec.html]
[mycmsloans.com/wp-content/themes/enfold/framework/php/wordpress-importer/index30b5.html]
[mycmsloans.com/wp-content/themes/enfold/framework/php/wordpress-importer/avia-export-class.html]
[mycmsloans.com/wp-content/themes/enfold/framework/php/wordpress-importer/parsers.html]
[mycmsloans.com/wp-content/themes/enfold/framework/php/wordpress-importer/wordpress-importer.html]
[mycmsloans.com/wp-content/themes/enfold/framework/css/conditional_load/indexb70a.html]
[mycmsloans.com/wp-content/themes/enfold/framework/css/conditional_load/index72c9.html]
[mycmsloans.com/wp-content/themes/enfold/framework/css/conditional_load/index5851.html]
[mycmsloans.com/wp-content/themes/enfold/framework/css/conditional_load/indexad3f.html]
[mycmsloans.com/wp-content/themes/enfold/framework/images/colorpicker/indexb70a.html]
[mycmsloans.com/wp-content/themes/enfold/framework/images/colorpicker/index72c9.html]
[mycmsloans.com/wp-content/themes/enfold/framework/images/colorpicker/index5851.html]
[mycmsloans.com/wp-content/themes/enfold/framework/images/colorpicker/indexad3f.html]
[mycmsloans.com/wp-content/themes/enfold/framework/images/icons/indexb70a.html]
[mycmsloans.com/wp-content/themes/enfold/framework/images/icons/index72c9.html]
[mycmsloans.com/wp-content/themes/enfold/framework/images/icons/index5851.html]
[mycmsloans.com/wp-content/themes/enfold/framework/images/icons/indexad3f.html]
[mycmsloans.com/wp-content/themes/enfold/framework/images/icons/new/indexc052.html]
[mycmsloans.com/wp-content/themes/enfold/framework/images/icons/new/indexf8a0.html]
[mycmsloans.com/wp-content/themes/enfold/framework/images/icons/new/indexbfec.html]
[mycmsloans.com/wp-content/themes/enfold/framework/images/icons/new/index30b5.html]
[mycmsloans.com/wp-content/themes/enfold/framework/images/layout/indexb70a.html]
[mycmsloans.com/wp-content/themes/enfold/framework/images/layout/index72c9.html]
[mycmsloans.com/wp-content/themes/enfold/framework/images/layout/index5851.html]
[mycmsloans.com/wp-content/themes/enfold/framework/images/layout/indexad3f.html]
[mycmsloans.com/wp-content/themes/enfold/framework/images/misc/indexb70a.html]
[mycmsloans.com/wp-content/themes/enfold/framework/images/misc/index72c9.html]
[mycmsloans.com/wp-content/themes/enfold/framework/images/misc/index5851.html]
[mycmsloans.com/wp-content/themes/enfold/framework/images/misc/indexad3f.html]
[mycmsloans.com/wp-content/themes/enfold/framework/js/conditional_load/indexb70a.html]
[mycmsloans.com/wp-content/themes/enfold/framework/js/conditional_load/index72c9.html]
[mycmsloans.com/wp-content/themes/enfold/framework/js/conditional_load/index5851.html]
[mycmsloans.com/wp-content/themes/enfold/framework/js/conditional_load/indexad3f.html]
[mycmsloans.com/wp-content/themes/enfold/framework/php/auto-updates/indexb70a.html]
[mycmsloans.com/wp-content/themes/enfold/framework/php/auto-updates/index72c9.html]
[mycmsloans.com/wp-content/themes/enfold/framework/php/auto-updates/index5851.html]
[mycmsloans.com/wp-content/themes/enfold/framework/php/auto-updates/indexad3f.html]
[mycmsloans.com/wp-content/themes/enfold/framework/php/avia_shortcodes/indexb70a.html]
[mycmsloans.com/wp-content/themes/enfold/framework/php/avia_shortcodes/index72c9.html]
[mycmsloans.com/wp-content/themes/enfold/framework/php/avia_shortcodes/index5851.html]
[mycmsloans.com/wp-content/themes/enfold/framework/php/avia_shortcodes/indexad3f.html]
[mycmsloans.com/wp-content/themes/enfold/framework/php/avia_shortcodes/css/indexc052.html]
[mycmsloans.com/wp-content/themes/enfold/framework/php/avia_shortcodes/css/indexf8a0.html]
[mycmsloans.com/wp-content/themes/enfold/framework/php/avia_shortcodes/css/indexbfec.html]
[mycmsloans.com/wp-content/themes/enfold/framework/php/avia_shortcodes/css/index30b5.html]
[mycmsloans.com/wp-content/themes/enfold/framework/php/avia_shortcodes/css/styles.css]
[mycmsloans.com/wp-content/themes/enfold/framework/php/avia_shortcodes/img/indexc052.html]
[mycmsloans.com/wp-content/themes/enfold/framework/php/avia_shortcodes/img/indexf8a0.html]
[mycmsloans.com/wp-content/themes/enfold/framework/php/avia_shortcodes/img/indexbfec.html]
[mycmsloans.com/wp-content/themes/enfold/framework/php/avia_shortcodes/img/index30b5.html]
[mycmsloans.com/wp-content/themes/enfold/framework/php/avia_shortcodes/sc/indexc052.html]
[mycmsloans.com/wp-content/themes/enfold/framework/php/avia_shortcodes/sc/indexf8a0.html]
[mycmsloans.com/wp-content/themes/enfold/framework/php/avia_shortcodes/sc/indexbfec.html]
[mycmsloans.com/wp-content/themes/enfold/framework/php/avia_shortcodes/sc/index30b5.html]
[mycmsloans.com/wp-content/themes/enfold/framework/php/avia_shortcodes/tinymce/indexc052.html]
[mycmsloans.com/wp-content/themes/enfold/framework/php/avia_shortcodes/tinymce/indexf8a0.html]
[mycmsloans.com/wp-content/themes/enfold/framework/php/avia_shortcodes/tinymce/indexbfec.html]
[mycmsloans.com/wp-content/themes/enfold/framework/php/avia_shortcodes/tinymce/index30b5.html]
[mycmsloans.com/wp-content/themes/enfold/framework/php/avia_shortcodes/tinymce/dialog.html]
[mycmsloans.com/wp-content/themes/enfold/framework/php/avia_shortcodes/tinymce/img/index.html]
[mycmsloans.com/wp-content/themes/enfold/framework/php/avia_shortcodes/tinymce/js/column-control.js]
[mycmsloans.com/wp-content/themes/enfold/framework/php/avia_shortcodes/tinymce/js/dialog.js]
[mycmsloans.com/wp-content/themes/enfold/framework/php/avia_shortcodes/tinymce/js/sidebar-tab-control.js]
[mycmsloans.com/wp-content/themes/enfold/framework/php/avia_shortcodes/tinymce/js/tab-control.js]
[mycmsloans.com/wp-content/themes/enfold/framework/php/avia_shortcodes/tinymce/js/table-control.js]
[mycmsloans.com/wp-content/themes/enfold/framework/php/avia_shortcodes/tinymce/js/index.html]
[mycmsloans.com/wp-content/themes/enfold/framework/php/class-tgm-plugin-activation.html]
[mycmsloans.com/wp-content/themes/enfold/framework/php/font-management/indexb70a.html]
[mycmsloans.com/wp-content/themes/enfold/framework/php/font-management/index72c9.html]
[mycmsloans.com/wp-content/themes/enfold/framework/php/font-management/index5851.html]
[mycmsloans.com/wp-content/themes/enfold/framework/php/font-management/indexad3f.html]
[mycmsloans.com/wp-content/themes/enfold/framework/php/inc-autoconfig.html]
[mycmsloans.com/wp-content/themes/enfold/framework/php/inc-avia-importer.html]
[mycmsloans.com/wp-content/themes/enfold/framework/php/wordpress-importer/indexb70a.html]
[mycmsloans.com/wp-content/themes/enfold/framework/php/wordpress-importer/index72c9.html]
[mycmsloans.com/wp-content/themes/enfold/framework/php/wordpress-importer/index5851.html]
[mycmsloans.com/wp-content/themes/enfold/framework/php/wordpress-importer/indexad3f.html]
[mycmsloans.com/wp-content/themes/enfold/framework/images/icons/new/indexb70a.html]
[mycmsloans.com/wp-content/themes/enfold/framework/images/icons/new/index72c9.html]
[mycmsloans.com/wp-content/themes/enfold/framework/images/icons/new/index5851.html]
[mycmsloans.com/wp-content/themes/enfold/framework/images/icons/new/indexad3f.html]
[mycmsloans.com/wp-content/themes/enfold/framework/php/avia_shortcodes/css/indexb70a.html]
[mycmsloans.com/wp-content/themes/enfold/framework/php/avia_shortcodes/css/index72c9.html]
[mycmsloans.com/wp-content/themes/enfold/framework/php/avia_shortcodes/css/index5851.html]
[mycmsloans.com/wp-content/themes/enfold/framework/php/avia_shortcodes/css/indexad3f.html]
[mycmsloans.com/wp-content/themes/enfold/framework/php/avia_shortcodes/img/indexb70a.html]
[mycmsloans.com/wp-content/themes/enfold/framework/php/avia_shortcodes/img/index72c9.html]
[mycmsloans.com/wp-content/themes/enfold/framework/php/avia_shortcodes/img/index5851.html]
[mycmsloans.com/wp-content/themes/enfold/framework/php/avia_shortcodes/img/indexad3f.html]
[mycmsloans.com/wp-content/themes/enfold/framework/php/avia_shortcodes/sc/indexb70a.html]
[mycmsloans.com/wp-content/themes/enfold/framework/php/avia_shortcodes/sc/index72c9.html]
[mycmsloans.com/wp-content/themes/enfold/framework/php/avia_shortcodes/sc/index5851.html]
[mycmsloans.com/wp-content/themes/enfold/framework/php/avia_shortcodes/sc/indexad3f.html]
[mycmsloans.com/wp-content/themes/enfold/framework/php/avia_shortcodes/tinymce/indexb70a.html]
[mycmsloans.com/wp-content/themes/enfold/framework/php/avia_shortcodes/tinymce/index72c9.html]
[mycmsloans.com/wp-content/themes/enfold/framework/php/avia_shortcodes/tinymce/index5851.html]
[mycmsloans.com/wp-content/themes/enfold/framework/php/avia_shortcodes/tinymce/indexad3f.html]
[mycmsloans.com/wp-content/themes/enfold/framework/php/avia_shortcodes/tinymce/img/indexc052.html]
[mycmsloans.com/wp-content/themes/enfold/framework/php/avia_shortcodes/tinymce/img/indexf8a0.html]
[mycmsloans.com/wp-content/themes/enfold/framework/php/avia_shortcodes/tinymce/img/indexbfec.html]
[mycmsloans.com/wp-content/themes/enfold/framework/php/avia_shortcodes/tinymce/img/index30b5.html]
[mycmsloans.com/wp-content/themes/enfold/framework/php/avia_shortcodes/tinymce/js/indexc052.html]
[mycmsloans.com/wp-content/themes/enfold/framework/php/avia_shortcodes/tinymce/js/indexf8a0.html]
[mycmsloans.com/wp-content/themes/enfold/framework/php/avia_shortcodes/tinymce/js/indexbfec.html]
[mycmsloans.com/wp-content/themes/enfold/framework/php/avia_shortcodes/tinymce/js/index30b5.html]
[mycmsloans.com/wp-content/themes/enfold/framework/php/wordpress-importer/avia-import-class.html]
[mycmsloans.com/wp-content/themes/enfold/framework/php/avia_shortcodes/tinymce/img/indexb70a.html]
[mycmsloans.com/wp-content/themes/enfold/framework/php/avia_shortcodes/tinymce/img/index72c9.html]
[mycmsloans.com/wp-content/themes/enfold/framework/php/avia_shortcodes/tinymce/img/index5851.html]
[mycmsloans.com/wp-content/themes/enfold/framework/php/avia_shortcodes/tinymce/img/indexad3f.html]
[mycmsloans.com/wp-content/themes/enfold/framework/php/avia_shortcodes/tinymce/js/indexb70a.html]
[mycmsloans.com/wp-content/themes/enfold/framework/php/avia_shortcodes/tinymce/js/index72c9.html]
[mycmsloans.com/wp-content/themes/enfold/framework/php/avia_shortcodes/tinymce/js/index5851.html]
[mycmsloans.com/wp-content/themes/enfold/framework/php/avia_shortcodes/tinymce/js/indexad3f.html]
